ls: unknownw/: No such file or directory
ls: unknownw/: No such file or directory
